[{"version":"a57464e2","originalPath":"tmp/options_output/folder/subfolder/img3.png","versionedPath":"tmp/options_output/folder/subfolder/img3.a57464e2.png"},{"version":"1710c662","originalPath":"tmp/options_output/img1.png","versionedPath":"tmp/options_output/img1.1710c662.png"},{"version":"8ed59324","originalPath":"tmp/options_output/img2.jpg","versionedPath":"tmp/options_output/img2.8ed59324.jpg"},{"version":"cfbfa765","originalPath":"tmp/options_output/folder/img2.gif","versionedPath":"tmp/options_output/folder/img2.cfbfa765.gif"}]