[{"version":"a57464e2","originalPath":"folder/subfolder/img3.png","versionedPath":"folder/subfolder/img3.a57464e2.png"},{"version":"1710c662","originalPath":"img1.png","versionedPath":"img1.1710c662.png"},{"version":"8ed59324","originalPath":"img2.jpg","versionedPath":"img2.8ed59324.jpg"},{"version":"cfbfa765","originalPath":"folder/img2.gif","versionedPath":"folder/img2.cfbfa765.gif"}]